---
http_interactions:
- request:
    method: get
    uri: https://api.themoviedb.org/3/movie/?api_key=<api_key>
    body:
      encoding: US-ASCII
      string: ''
    headers:
      User-Agent:
      - Faraday v2.7.4
      Accept-Encoding:
      - gzip;q=1.0,deflate;q=0.6,identity;q=0.3
      Accept:
      - "*/*"
  response:
    status:
      code: 404
      message: Not Found
    headers:
      Content-Type:
      - application/json;charset=utf-8
      Transfer-Encoding:
      - chunked
      Connection:
      - keep-alive
      Date:
      - Fri, 12 May 2023 04:55:01 GMT
      Server:
      - openresty
      X-Cascade:
      - pass
      Vary:
      - Accept-Encoding
      - Origin
      X-Cache:
      - Error from cloudfront
      Via:
      - 1.1 a44b9db7a2d103360945ab52619e5016.cloudfront.net (CloudFront)
      X-Amz-Cf-Pop:
      - DEN50-C2
      Alt-Svc:
      - h3=":443"; ma=86400
      X-Amz-Cf-Id:
      - h9FUqkZHmTLUcwN5LnrjDDkHm4vQwfO8gKHnrUMzsAAr7kRC205GmQ==
    body:
      encoding: ASCII-8BIT
      string: '{"success":false,"status_code":34,"status_message":"The resource you
        requested could not be found."}'
  recorded_at: Fri, 12 May 2023 04:55:01 GMT
- request:
    method: get
    uri: https://api.themoviedb.org/3/movie//credits?api_key=<api_key>
    body:
      encoding: US-ASCII
      string: ''
    headers:
      User-Agent:
      - Faraday v2.7.4
      Accept-Encoding:
      - gzip;q=1.0,deflate;q=0.6,identity;q=0.3
      Accept:
      - "*/*"
  response:
    status:
      code: 404
      message: Not Found
    headers:
      Content-Type:
      - application/json;charset=utf-8
      Transfer-Encoding:
      - chunked
      Connection:
      - keep-alive
      Date:
      - Fri, 12 May 2023 04:55:01 GMT
      Server:
      - openresty
      Cache-Control:
      - public, max-age=28623
      X-Memc:
      - MISS
      X-Memc-Key:
      - 030e5935d3879f49e827bdd37a372292
      X-Memc-Age:
      - '0'
      X-Memc-Expires:
      - '28623'
      Vary:
      - Accept-Encoding
      - Origin
      X-Cache:
      - Error from cloudfront
      Via:
      - 1.1 e7ff4a714a3b1f464db9c76ee954a564.cloudfront.net (CloudFront)
      X-Amz-Cf-Pop:
      - DEN50-C2
      Alt-Svc:
      - h3=":443"; ma=86400
      X-Amz-Cf-Id:
      - V4kV3REnEwAfq7MSp4gbkAzTTDfOr3Pin72FPNj6_LfNvtv_dRhbuA==
    body:
      encoding: ASCII-8BIT
      string: '{"success":false,"status_code":34,"status_message":"The resource you
        requested could not be found."}'
  recorded_at: Fri, 12 May 2023 04:55:01 GMT
- request:
    method: get
    uri: https://api.themoviedb.org/3/movie//reviews?api_key=<api_key>
    body:
      encoding: US-ASCII
      string: ''
    headers:
      User-Agent:
      - Faraday v2.7.4
      Accept-Encoding:
      - gzip;q=1.0,deflate;q=0.6,identity;q=0.3
      Accept:
      - "*/*"
  response:
    status:
      code: 404
      message: Not Found
    headers:
      Content-Type:
      - application/json;charset=utf-8
      Transfer-Encoding:
      - chunked
      Connection:
      - keep-alive
      Date:
      - Fri, 12 May 2023 04:55:01 GMT
      Server:
      - openresty
      Cache-Control:
      - public, max-age=27600
      X-Memc:
      - MISS
      X-Memc-Key:
      - 920381db7ca808b812e6c06a69fbf26c
      X-Memc-Age:
      - '0'
      X-Memc-Expires:
      - '27600'
      Vary:
      - Accept-Encoding
      - Origin
      X-Cache:
      - Error from cloudfront
      Via:
      - 1.1 cddde15c11afac53ac9fe7978dcfecd6.cloudfront.net (CloudFront)
      X-Amz-Cf-Pop:
      - DEN50-C2
      Alt-Svc:
      - h3=":443"; ma=86400
      X-Amz-Cf-Id:
      - ITQH6ZhBOx4PkPVsqhBPBPWIIgpkmZW7lSvug-EnANZk_12e8BMXyw==
    body:
      encoding: ASCII-8BIT
      string: '{"success":false,"status_code":34,"status_message":"The resource you
        requested could not be found."}'
  recorded_at: Fri, 12 May 2023 04:55:01 GMT
recorded_with: VCR 6.1.0
